?- aguirre(21:39:24):/home/clip/Systems/ciao/shell/examples
>> ciaosh
{Including /home/bardo/.ciaorc
}
CIAO 0.5 #11: Mon Jun 1 19:01:28 MET DST 1998
?- use_module(apply).
{Reading interface file /home/clip/Systems/ciao-0.5/shell/examples/apply.itf
}
{Reading interface file /home/clip/Systems/ciao/lib/engine/builtin.itf
}
{Reading interface file /home/clip/Systems/ciao/lib/lists.itf
}
{Loading /home/clip/Systems/ciao-0.5/shell/examples/apply.po
}

yes
?- chklist([1,2,3], <(3)).

no
?- use_module(mc).
{Creating interface file for /home/clip/Systems/ciao-0.5/shell/examples/mc.pl
}
{Reading interface file /home/clip/Systems/ciao/lib/engine/builtin.itf
}
{Compiling /home/clip/Systems/ciao-0.5/shell/examples/mc.pl
}

yes
?- mc(display(hola)).
hola
yes
?- chklist([1,2,3], <(3)).

no
?- use_module(apply).
{Creating interface file for /home/clip/Systems/ciao-0.5/shell/examples/apply.pl
}
{Reading interface file /home/clip/Systems/ciao/lib/engine/builtin.itf
}
{Reading interface file /home/clip/Systems/ciao/lib/lists.itf
}
{Compiling /home/clip/Systems/ciao-0.5/shell/examples/apply.pl
}

yes
?- chklist([1,2,3], <(3)).
WARNING: Predicate </2 undefined in module apply
{ERROR: apply:</2 - undefined predicate}

no
?- mc(display(hola)).
WARNING: Predicate display/1 undefined in module mc
{ERROR: mc:display/1 - undefined predicate}

no
?- 
